
> cutinhalf@0.1.0 build
> next build

  Ôû▓ Next.js 14.2.15

   Creating an optimized production build ...
 Ô£ô Compiled successfully
   Linting and checking validity of types ...
   Collecting page data ...
   Generating static pages (0/5) ...
   Generating static pages (1/5) 
   Generating static pages (2/5) 
   Generating static pages (3/5) 
 Ô£ô Generating static pages (5/5)
   Finalizing page optimization ...
   Collecting build traces ...

Route (app)                              Size     First Load JS
Ôöî Ôùï /                                    14.2 kB         158 kB
Ôöö Ôùï /_not-found                          873 B          88.1 kB
+ First Load JS shared by all            87.2 kB
  Ôö£ chunks/117-4b74385e4dc45e6c.js       31.6 kB
  Ôö£ chunks/fd9d1056-91aa9495991b9c80.js  53.6 kB
  Ôöö other shared chunks (total)          1.95 kB


Ôùï  (Static)  prerendered as static content

